// Jest Snapshot v1, https://goo.gl/fbAQLP

exports[`ForecastSummary renders 1`] = `
<DocumentFragment>
  <div
    class="forecast-summary"
  >
    <span
      class="forecast-summary-date"
      data-testid="date-id"
    >
      April 30th, 2018
    </span>
    <br />
    <span
      class="temperature"
      data-testid="temperature-id"
    >
       30
    </span>
    <br />
    <span
      class="description"
      data-testid="description-id"
    >
      testDesc
    </span>
    <br />
    <span
      class="forecast-summary-icon"
      data-testid="icon-id"
    >
      <i
        class="wi wi-day-sunny"
        name="owm"
      />
    </span>
    <br />
  </div>
</DocumentFragment>
`;
